[makermur.com/index.html]
[backblue.gif]
[fade.gif]
[index.html]
[makermur.com/cdn/shop/files/Copilot_20260311_042442699e.png]
[makermur.com/cdn/shop/t/2/assets/overflow-list1f02.css]
[makermur.com/cdn/shop/t/2/assets/base4bea.css]
[makermur.com/cdn/fonts/arimo/arimo_n4.a7efb558ca22d2002248bbe6f302a98edee38e35.woff2]
[makermur.com/cdn/fonts/bevan/bevan_n4.5a59d270d644948da23dc5fb5695fc4c02b7793c.woff2]
[makermur.com/cdn/fonts/fredoka/fredoka_n4.eb35fd8d4bb8056d7499b912e19fc60e645e4373.woff2]
[makermur.com/cdn/shopifycloud/importmap-polyfill/es-modules-shim.2.4.0.js]
[makermur.com/cdn/shop/t/2/assets/view-transitions2463.js]
[makermur.com/cdn/shop/t/2/assets/utilitiesc352.js]
[makermur.com/cdn/shop/t/2/assets/component7a90.js]
[makermur.com/cdn/shop/t/2/assets/section-renderer7b85.js]
[makermur.com/cdn/shop/t/2/assets/section-hydration52d5.js]
[makermur.com/cdn/shop/t/2/assets/morphd990.js]
[makermur.com/cdn/shop/t/2/assets/focus120d.js]
[makermur.com/cdn/shop/t/2/assets/recently-viewed-productsb474.js]
[makermur.com/cdn/shop/t/2/assets/scrolling6ea8.js]
[makermur.com/cdn/shop/t/2/assets/events4653.js]
[makermur.com/cdn/shop/t/2/assets/popover-polyfillcbda.js]
[makermur.com/cdn/shop/t/2/assets/overflow-list473b.js]
[makermur.com/cdn/shop/t/2/assets/quick-add76ee.js]
[makermur.com/cdn/shop/t/2/assets/cart-discountd69e.js]
[makermur.com/cdn/shop/t/2/assets/dialog78c2.js]
[makermur.com/cdn/shop/t/2/assets/variant-picker5ab5.js]
[makermur.com/cdn/shop/t/2/assets/product-cardf838.js]
[makermur.com/cdn/shop/t/2/assets/product-form3d17.js]
[makermur.com/cdn/shop/t/2/assets/fly-to-cart3c91.js]
[makermur.com/cdn/shop/t/2/assets/accordion-custom40fc.js]
[makermur.com/cdn/shop/t/2/assets/mediaf71f.js]
[makermur.com/cdn/shop/t/2/assets/product-price2401.js]
[makermur.com/cdn/shop/t/2/assets/product-sku750f.js]
[makermur.com/cdn/shop/t/2/assets/product-title-truncation73ce.js]
[makermur.com/cdn/shop/t/2/assets/product-inventory3e44.js]
[makermur.com/cdn/shop/t/2/assets/show-more68c2.js]
[makermur.com/cdn/shop/t/2/assets/slideshowc91e.js]
[makermur.com/cdn/shop/t/2/assets/layered-slideshow8e2d.js]
[makermur.com/cdn/shop/t/2/assets/anchored-popover3bf8.js]
[makermur.com/cdn/shop/t/2/assets/floating-panelcf28.js]
[makermur.com/cdn/shop/t/2/assets/video-background1e95.js]
[makermur.com/cdn/shop/t/2/assets/component-quantity-selectorf9c0.js]
[makermur.com/cdn/shop/t/2/assets/media-gallery9a95.js]
[makermur.com/cdn/shop/t/2/assets/rte-formatter7ced.js]
[makermur.com/cdn/shop/t/2/assets/volume-pricingb232.js]
[makermur.com/cdn/shop/t/2/assets/price-per-item2c20.js]
[makermur.com/cdn/shop/t/2/assets/volume-pricing-info52bc.js]
[makermur.com/cdn/shop/t/2/assets/localizationc92f.js]
[makermur.com/cdn/shop/t/2/assets/auto-close-detailsecf4.js]
[makermur.com/cdn/fonts/arimo/arimo_n4.0da809f7d1d5ede2a73be7094ac00741efdb6387.woff]
[makermur.com/cdn/fonts/arimo/arimo_n7.1d2d0638e6a1228d86beb0e10006e3280ccb2d04.woff2]
[makermur.com/cdn/fonts/arimo/arimo_n7.f4b9139e8eac4a17b38b8707044c20f54c3be479.woff]
[makermur.com/cdn/fonts/arimo/arimo_i4.438ddb21a1b98c7230698d70dc1a21df235701b2.woff2]
[makermur.com/cdn/fonts/arimo/arimo_i4.0e1908a0dc1ec32fabb5a03a0c9ee2083f82e3d7.woff]
[makermur.com/cdn/fonts/arimo/arimo_i7.b9f09537c29041ec8d51f8cdb7c9b8e4f1f82cb1.woff2]
[makermur.com/cdn/fonts/arimo/arimo_i7.ec659fc855f754fd0b1bd052e606bba1058f73da.woff]
[makermur.com/cdn/fonts/bevan/bevan_n4.f1d9d4acbf369d106c44ad5d2298612d868d9c01.woff]
[makermur.com/cdn/fonts/bevan/bevan_i4.27184c70dcdc21eded4993ad1d35f4a55d4bdf85.woff2]
[makermur.com/cdn/fonts/bevan/bevan_i4.6cd4cd0f821284f60bf845acb03bc89530ced427.woff]
[makermur.com/cdn/fonts/fredoka/fredoka_n4.bc34ad1871d4011d11d39d0d6c4f34a458b5ead4.woff]
[makermur.com/cdn/fonts/fredoka/fredoka_n7.842b106c433b574443776fb1365d851cc19a6eb6.woff2]
[makermur.com/cdn/fonts/fredoka/fredoka_n7.8fc71823b315e9debc947e4127957b41db40a150.woff]
[makermur.com/en.html]
[makermur.com/checkouts/internal/preloads8cdc.js]
[makermur.com/cdn/shopifycloud/shop-js/modules/v2/loader.init-shop-cart-sync.es.esm.js]
[cdn.shopify.com/shopifycloud/storefront-forms-hcaptcha/ce_storefront_forms_captcha_hcaptcha.v1.5.2.iife.js]
[makermur.com/cdn/shopifycloud/storefront/assets/storefront/load_feature-1bd60354.js]
[makermur.com/cdn/shopifycloud/storefront/assets/storefront/autosizes-84416378.js]
[makermur.com/cdn/shopifycloud/storefront/assets/shopify_pay/storefront-bf1cdb705501.js]
[cdn.shopify.com/shopifycloud/storefront/assets/storefront/origin_trials-c173577b.js]
[makermur.com/cdn/shopifycloud/portable-wallets/latest/portable-wallets.es.js]
[makermur.com/cdn/shopifycloud/privacy-banner/storefront-banner.js]
[makermur.com/cdn/shopifycloud/portable-wallets/latest/accelerated-checkout-backwards-compat.css]
[makermur.com/cdn/shop/t/2/compiled_assets/stylesd7cb.css]
[makermur.com/GET.88.delayed]
[cdn.shopify.com/extensions/019eff30-9753-7fa0-b7e2-7810a50bd6ee/judgeme-588/assets/shopify_v2.css]
[cdn.shopify.com/extensions/019ed3b9-ecd0-725f-9842-c9686317604f/moosedesk-whatsapp-79/assets/wa.js]
[cdn.shopify.com/extensions/019eff30-9753-7fa0-b7e2-7810a50bd6ee/judgeme-588/assets/loader.js]
[cdn.shopify.com/extensions/019eff30-9753-7fa0-b7e2-7810a50bd6ee/judgeme-588/assets/carousels.js]
[cdn.shopify.com/extensions/019eff30-9753-7fa0-b7e2-7810a50bd6ee/judgeme-588/assets/carousels.css]
[makermur.com/POST]
[makermur.com/cdn]
[makermur.com/cdn/s/trekkie.storefront.370ef8ffef154dc56bb5a814fea4666724353464.min.js]
[makermur.com/cdn/shopifycloud/storefront/assets/shop_events_listener-4e26a9ce.js]
[makermur.com/cdn/shopifycloud/perf-kit/shopify-perf-kit-3.6.0.min.js]
[cdn.shopify.com/storefront/web-components/account.js]
[makermur.com/cdn/shop/t/2/assets/header-drawer9622.js]
[makermur.com/collections/vida.html]
[makermur.com/collections/jugueteria.html]
[makermur.com/collections/llaveros.html]
[makermur.com/collections/enamorados.html]
[makermur.com/collections/hecho-a-medida.html]
[makermur.com/collections/navidad-2025.html]
[makermur.com/pages/contacto.html]
[makermur.com/pages/sobre-nosotros.html]
[makermur.com/cdn/shop/files/Copilot_20260311_041942cc02.png]
[makermur.com/collections.html]
[makermur.com/cdn/shop/t/2/assets/header-menu05af.js]
[makermur.com/cdn/shop/t/2/assets/cart-icon0203.js]
[makermur.com/cdn/shop/t/2/assets/cart-drawerb131.js]
[makermur.com/cdn/shop/t/2/assets/component-cart-items097e.js]
[makermur.com/cdn/shop/t/2/assets/component-cart-quantity-selector70bc.js]
[makermur.com/collections/all.html]
[makermur.com/cdn/shop/t/2/assets/headerdde4.js]
[makermur.com/window.location.href]
[makermur.com/cdn/shop/files/DSC_0001179a.jpg]
[makermur.com/cdn/shop/files/BCO.feae4e05-19e6-44fc-b09f-ed27f2ecc6a42ca8.png]
[makermur.com/products/maceta-vida-elementos-agua-viento-fuego-decoracion-impresa-en-3dd68c.html]
[makermur.com/cdn/shop/files/BCO.feae4e05-19e6-44fc-b09f-ed27f2ecc6a4fd4c.png]
[makermur.com/cdn/shop/files/1000004152164f.jpg]
[makermur.com/cdn/shop/files/image_af222878-7e73-4072-8fab-34db1e4e20a05460.png]
[makermur.com/cdn/shop/files/vida-fuego-con-logo-mm44ec.png]
[makermur.com/cdn/shop/files/vida-agua-con-logo-mm89b5.png]
[makermur.com/cdn/shop/files/BCO.feae4e05-19e6-44fc-b09f-ed27f2ecc6a41e17.png]
[makermur.com/cdn/shop/files/DSC_0001_013385f5-f8f6-495f-bafa-caaeab33fefca6fa.jpg]
[makermur.com/products/vida-nace-agua42c5.html]
[makermur.com/cdn/shop/files/DSC_0001_013385f5-f8f6-495f-bafa-caaeab33fefc0f02.jpg]
[makermur.com/cdn/shop/files/1000004143ca71.jpg]
[makermur.com/cdn/shop/files/1000004144a23b.jpg]
[makermur.com/cdn/shop/files/1000004146a23b.jpg]
[makermur.com/cdn/shop/files/1000004148ca71.jpg]
[makermur.com/cdn/shop/files/DSC_0001_013385f5-f8f6-495f-bafa-caaeab33fefcecfb.jpg]
[makermur.com/cdn/shop/files/pack-fuego-colecci-n-vidacefc.png]
[makermur.com/products/vida-nace-fuego3a2e.html]
[makermur.com/cdn/shop/files/pack-fuego-colecci-n-vida63b2.png]
[makermur.com/cdn/shop/files/20260331_011136_-_copiafc4d.jpg]
[makermur.com/cdn/shop/files/20260331_011255fc4d.jpg]
[makermur.com/cdn/shop/files/20260331_011324b1d5.jpg]
[makermur.com/cdn/shop/files/20260331_011732b1d5.jpg]
[makermur.com/cdn/shop/files/pack-fuego-colecci-n-vida09d7.png]
[makermur.com/cdn/shop/files/1000004152e414.jpg]
[makermur.com/products/vida-nace-vientod67b.html]
[makermur.com/cdn/shop/files/1000004153e89d.jpg]
[makermur.com/cdn/shop/files/1000004155e1a4.jpg]
[makermur.com/cdn/shop/files/1000004158e89d.jpg]
[makermur.com/cdn/shop/files/10000041526e6f.jpg]
[makermur.com/cdn/shop/files/image321d.png]
[makermur.com/cdn/shop/files/DSC_01411385.jpg]
[makermur.com/products/tarjeta-mustang-p515b39.html]
[makermur.com/cdn/shop/files/DSC_01410055.jpg]
[makermur.com/cdn/shop/files/DSC_01430055.jpg]
[makermur.com/cdn/shop/files/DSC_01440055.jpg]
[makermur.com/cdn/shop/files/DSC_01460055.jpg]
[makermur.com/cdn/shop/files/DSC_01470055.jpg]
[makermur.com/cdn/shop/files/DSC_0141ee7c.jpg]
[makermur.com/products/tarjeta-mustang-p51.html]
[makermur.com/cdn/shop/files/collage-llaveros_155ed.png]
[makermur.com/products/llavero-corazon-bricks.html]
[makermur.com/cdn/shop/files/goku-sin-tercio-inferior7ef5.png]
[makermur.com/cdn/shop/files/llavero-chilef5e7.png]
[makermur.com/cdn/shop/files/llavero-tr-bol837b.png]
[makermur.com/products/10514989121875]
[makermur.com/cdn/shop/files/drag-n-flexible-imagen-mejorada0de6.png]
[makermur.com/products/10515017957715]
[makermur.com/cdn/shop/files/minecraft-pigc6c1.png]
[makermur.com/products/10515013730643]
[makermur.com/cdn/shop/files/llavero-coraz-ne092.png]
[makermur.com/products/10515014615379]
[makermur.com/cdn/shop/files/20260401_134202ac0a.jpg]
[makermur.com/cdn/shop/files/navidad-contraste-m-ximod933.png]
[makermur.com/policies/refund-policy.html]
[makermur.com/policies/shipping-policy.html]
[makermur.com/policies/privacy-policy.html]
[makermur.com/policies/terms-of-service.html]
[makermur.com/policies/contact-information.html]
[makermur.com/policies/legal-notice.html]
[makermur.com/policies/index.html]
[makermur.com/cdn/shop/t/2/assets/predictive-search63df.js]
[makermur.com/products/maceta-vida-elementos-agua-viento-fuego-decoracion-impresa-en-3d.html]
[makermur.com/cdn/shop/files/DSC_01431385.jpg]
[makermur.com/cdn/shop/files/DSC_00716cd6.jpg]
[makermur.com/products/llavero-corazon.html]
[makermur.com/cdn/shop/files/DSC_0134f727.jpg]
[makermur.com/products/belen.html]
[makermur.com/cdn/shop/files/DSC_0136274d.jpg]
[makermur.com/index.html]
[makermur.com/cdn/shop/t/2/assets/overflow-list1f02.css]
[makermur.com/cdn/shop/t/2/assets/base4bea.css]
[cdn.shopify.com/storefront/standard-actions.js]
[makermur.com/checkouts/internal/preloadse1d6.js]
[makermur.com/cdn/shopifycloud/shop-js/modules/v2/loader.init-shop-cart-sync.en.esm.js]
[makermur.com/cdn/shopifycloud/portable-wallets/latest/portable-wallets.en.js]
[makermur.com/en/collections/vida.html]
[makermur.com/en/index.html]
[makermur.com/en/collections/jugueteria.html]
[makermur.com/en/collections/llaveros.html]
[makermur.com/en/collections/enamorados.html]
[makermur.com/en/collections/hecho-a-medida.html]
[makermur.com/en/collections/navidad-2025.html]
[makermur.com/en/pages/contacto.html]
[makermur.com/en/collections.html]
[makermur.com/en/collections/all.html]
[makermur.com/en/products/maceta-vida-elementos-agua-viento-fuego-decoracion-impresa-en-3dd68c.html]
[makermur.com/en/products/vida-nace-agua42c5.html]
[makermur.com/en/products/vida-nace-fuego3a2e.html]
[makermur.com/en/products/vida-nace-vientod67b.html]
[makermur.com/en/products/tarjeta-mustang-p515b39.html]
[makermur.com/en/products/tarjeta-mustang-p51.html]
[makermur.com/en/products/llavero-corazon-bricks.html]
[makermur.com/en/policies/refund-policy.html]
[makermur.com/en/policies/shipping-policy.html]
[makermur.com/en/policies/privacy-policy.html]
[makermur.com/en/policies/terms-of-service.html]
[makermur.com/en/policies/contact-information.html]
[makermur.com/en/policies/legal-notice.html]
[makermur.com/en/products/maceta-vida-elementos-agua-viento-fuego-decoracion-impresa-en-3d.html]
[makermur.com/en/policies/index.html]
[makermur.com/en/products/llavero-corazon.html]
[makermur.com/en.html]
[shop.app/checkouts/internal/preloadsbc71.js]
[makermur.com/cdn/shopifycloud/portable-wallets/latest/accelerated-checkout-backwards-compat.css]
[makermur.com/cdn/shop/t/2/compiled_assets/stylesd7cb.css]
[makermur.com/GET.html]
[makermur.com/en/products/belen.html]
[s3.amazonaws.com/me.judge.public-static-assets/general/video-placeholder-640x480.jpg]
[cdn.shopify.com/extensions/019eff30-9753-7fa0-b7e2-7810a50bd6ee/judgeme-588/assets/shopify_v2.css]
[cdn.shopify.com/extensions/019eff30-9753-7fa0-b7e2-7810a50bd6ee/judgeme-588/assets/carousels.css]
[makermur.com/POST.html]
[makermur.com/cdn.html]
[makermur.com/cdn/shop/collections/DSC_00087030.jpg]
[makermur.com/cdn/shop/t/2/assets/paginated-list-aspect-ratio4e92.js]
[makermur.com/cdn/shop/t/2/assets/paginated-listcaed.js]
[makermur.com/collections/vida.atom]
[makermur.com/collections/vida.oembed]
[makermur.com/cdn/shop/t/2/compiled_assets/scriptse892.js]
[makermur.com/collections/GET.161.delayed]
[makermur.com/collections/POST]
[makermur.com/cdn/shop/t/2/assets/results-list0ad9.js]
[makermur.com/collections/vida.html]
[makermur.com/cdn/shop/t/2/assets/facetse1b7.js]
[makermur.com/cdn/shop/collections/imagefb09.png]
[makermur.com/collections/jugueteria.atom]
[makermur.com/collections/jugueteria.oembed]
[makermur.com/cdn/shop/files/20260403_195832fdfc.jpg]
[makermur.com/products/tarjeta-minecraft-bee4394.html]
[makermur.com/cdn/shop/files/20260403_1958328b42.jpg]
[makermur.com/cdn/shop/files/20260403_200201bdf3.jpg]
[makermur.com/cdn/shop/files/20260403_195528ed3f.jpg]
[makermur.com/cdn/shop/files/20260403_19554705fa.jpg]
[makermur.com/cdn/shop/files/20260403_195852e8ea.jpg]
[makermur.com/cdn/shop/files/20260403_195832365c.jpg]
[makermur.com/cdn/shop/files/DSC_00829a77.jpg]
[makermur.com/products/dragon-flexible09c2.html]
[makermur.com/cdn/shop/files/DSC_00823dc6.jpg]
[makermur.com/cdn/shop/files/DSC_008232aa.jpg]
[makermur.com/cdn/shop/files/DSC_01492bc8.jpg]
[makermur.com/products/starscream-transformers-g15019.html]
[makermur.com/cdn/shop/files/DSC_0149ea45.jpg]
[makermur.com/cdn/shop/files/DSC_01601527.jpg]
[makermur.com/cdn/shop/files/DSC_0152cc6e.jpg]
[makermur.com/cdn/shop/files/DSC_01267578.jpg]
[makermur.com/cdn/shop/files/DSC_01287578.jpg]
[makermur.com/cdn/shop/files/DSC_01493302.jpg]
[makermur.com/cdn/shop/files/20260325_094100d8bc.jpg]
[makermur.com/products/tarjeta-minecraft-pig935d.html]
[makermur.com/cdn/shop/files/20260325_0941007ab1.jpg]
[makermur.com/cdn/shop/files/20260325_095858a5f8.jpg]
[makermur.com/cdn/shop/files/20260325_09410057e1.jpg]
[makermur.com/collections/jugueteria.html]
[makermur.com/cdn/shop/collections/llavero-chilec1bc.png]
[makermur.com/collections/llaveros.atom]
[makermur.com/collections/llaveros.oembed]
[makermur.com/cdn/shop/files/20260401_134052d3f1.jpg]
[makermur.com/products/llavero-corazon-bricks19a7.html]
[makermur.com/cdn/shop/files/20260401_134052ac0a.jpg]
[makermur.com/cdn/shop/files/20260401_134112ac0a.jpg]
[makermur.com/cdn/shop/files/20260401_134052dbd4.jpg]
[makermur.com/products/llavero-corazon4bcd.html]
[makermur.com/cdn/shop/files/DSC_0071a3c9.jpg]
[makermur.com/cdn/shop/files/DSC_00718301.jpg]
[makermur.com/cdn/shop/files/DSC_0058-copia56e9.jpg]
[makermur.com/products/llavero-camara7b2d.html]
[makermur.com/cdn/shop/files/DSC_0058-copia9c09.jpg]
[makermur.com/cdn/shop/files/DSC_0061-copia9c09.jpg]
[makermur.com/cdn/shop/files/DSC_0058-copiaeef8.jpg]
[makermur.com/cdn/shop/files/DSC_01694776.jpg]
[makermur.com/products/llavero-trebolda9c.html]
[makermur.com/cdn/shop/files/DSC_0169fe58.jpg]
[makermur.com/cdn/shop/files/DSC_0169378a.jpg]
[makermur.com/cdn/shop/files/DSC_01674904.jpg]
[makermur.com/products/llavero-chile7922.html]
[makermur.com/cdn/shop/files/DSC_01674654.jpg]
[makermur.com/cdn/shop/files/DSC_01674714.jpg]
[makermur.com/collections/llaveros.html]
[makermur.com/cdn/shop/collections/llavero-coraz-n-lego825e.png]
[makermur.com/collections/enamorados.atom]
[makermur.com/collections/enamorados.oembed]
[makermur.com/cdn/shop/files/DSC_00686e29.jpg]
[makermur.com/products/elefante-san-valentina96e.html]
[makermur.com/cdn/shop/files/DSC_0068af86.jpg]
[makermur.com/cdn/shop/files/DSC_0068fb28.jpg]
[makermur.com/collections/enamorados.html]
[makermur.com/cdn/shop/collections/Captura_de_pantalla_2026-03-16_1242002f24.png]
[makermur.com/collections/hecho-a-medida.atom]
[makermur.com/collections/hecho-a-medida.oembed]
[makermur.com/cdn/shop/files/DSC_0054958c.jpg]
[makermur.com/products/guardafango-patinete-ducati-pro-evo-1d0a1.html]
[makermur.com/cdn/shop/files/DSC_0054bfcc.jpg]
[makermur.com/cdn/shop/files/DSC_00540746.jpg]
[makermur.com/cdn/shop/files/DSC_0113c832.jpg]
[makermur.com/products/adaptador-bambu-lab-ams109e6.html]
[makermur.com/cdn/shop/files/DSC_0113ff71.jpg]
[makermur.com/cdn/shop/files/DSC_0115ff71.jpg]
[makermur.com/cdn/shop/files/DSC_01136cd5.jpg]
[makermur.com/collections/hecho-a-medida.html]
[makermur.com/cdn/shop/collections/navidad-contraste-m-ximo0028.png]
[makermur.com/collections/navidad-2025.atom]
[makermur.com/collections/navidad-2025.oembed]
[makermur.com/cdn/shop/files/DSC_01041c81.jpg]
[makermur.com/products/pesebre-con-luzcb4f.html]
[makermur.com/cdn/shop/files/DSC_0104ae0b.jpg]
[makermur.com/cdn/shop/files/DSC_0105ae0b.jpg]
[makermur.com/cdn/shop/files/DSC_0107ae0b.jpg]
[makermur.com/cdn/shop/files/DSC_0109ae0b.jpg]
[makermur.com/cdn/shop/files/DSC_0110_e0252f64-09de-4410-8de7-740a973c5f04ae0b.jpg]
[makermur.com/cdn/shop/files/DSC_0104108e.jpg]
[makermur.com/cdn/shop/files/DSC_0130b6d6.jpg]
[makermur.com/products/portalae7f.html]
[makermur.com/cdn/shop/files/DSC_0130cd3e.jpg]
[makermur.com/cdn/shop/files/DSC_0130e484.jpg]
[makermur.com/products/belenbeaf.html]
[makermur.com/cdn/shop/files/DSC_0134d9a2.jpg]
[makermur.com/cdn/shop/files/DSC_01362755.jpg]
[makermur.com/cdn/shop/files/DSC_0137d9a2.jpg]
[makermur.com/cdn/shop/files/DSC_0134f607.jpg]
[makermur.com/collections/navidad-2025.html]
[makermur.com/pages/GET]
[makermur.com/pages/POST]
[makermur.com/pages/contacto.html]
[makermur.com/en/pages/sobre-nosotros.html]
[makermur.com/pages/sobre-nosotros.html]
[makermur.com/collections/lux.html]
[makermur.com/collections/frontpage.html]
[makermur.com/cdn/shop/collections/logo-maker-mur-ficha-de-canto6e0f.png]
[makermur.com/cdn/shop/collections/DSC_000835c7.jpg]
[makermur.com/cdn/shop/collections/navidad-contraste-m-ximo4f08.png]
[makermur.com/cdn/shop/collections/image92ef.png]
[makermur.com/cdn/shop/collections/llavero-coraz-n-legob927.png]
[makermur.com/cdn/shop/collections/llavero-chile7171.png]
[makermur.com/cdn/shop/collections/Captura_de_pantalla_2026-03-16_124200cb6b.png]
[makermur.com/collections.html]
[makermur.com/collections/all.atom]
[makermur.com/collections/all.html]
[makermur.com/window.location.html]
[makermur.com/cdn/shop/files/BCO.feae4e05-19e6-44fc-b09f-ed27f2ecc6a4d277.png]
[makermur.com/cdn/shop/t/2/assets/sticky-add-to-cart8578.js]
[makermur.com/products/maceta-vida-elementos-agua-viento-fuego-decoracion-impresa-en-3d.oembed]
[makermur.com/products/GET]
[makermur.com/products/POST]
[makermur.com/cdn/shop/files/BCO.feae4e05-19e6-44fc-b09f-ed27f2ecc6a46d83.png]
[makermur.com/cdn/shop/t/2/assets/zoom-dialog76c6.js]
[makermur.com/cdn/shop/t/2/assets/drag-zoom-wrapper14ee.js]
[makermur.com/cdn/shop/files/vida-viento-con-logo-mmdcd4.png]
[makermur.com/cdn/shop/files/vida-agua-con-logo-mm_1dad5351-a582-4d71-8ea0-2ee07261a2ccb3d6.png]
[makermur.com/cdn/shop/files/vida-aguaae1e.png]
[makermur.com/cdn/shop/files/vida-vientof992.png]
[makermur.com/cdn/shop/files/vida-fuego_8a839dda-cc79-4621-b11d-18c6ee2c80ab646a.png]
[makermur.com/cdn/shop/files/image_ece58548-7bd3-4a69-8ba4-7b216add46970daa.png]
[makermur.com/cdn/shop/files/BCO.feae4e05-19e6-44fc-b09f-ed27f2ecc6a4adca.png]
[makermur.com/cdn/shop/files/10000041521e23.jpg]
[makermur.com/cdn/shop/files/image_af222878-7e73-4072-8fab-34db1e4e20a06b45.png]
[makermur.com/cdn/shop/files/vida-fuego-con-logo-mmc4c3.png]
[makermur.com/cdn/shop/files/vida-agua-con-logo-mm2b8e.png]
[makermur.com/cdn/shop/files/vida-viento-con-logo-mmfc08.png]
[makermur.com/cdn/shop/files/vida-agua-con-logo-mm_1dad5351-a582-4d71-8ea0-2ee07261a2cc4c61.png]
[makermur.com/cdn/shop/files/vida-agua0803.png]
[makermur.com/cdn/shop/files/vida-vientoeac0.png]
[makermur.com/cdn/shop/files/vida-fuego_8a839dda-cc79-4621-b11d-18c6ee2c80ab33df.png]
[makermur.com/cdn/shop/files/image_ece58548-7bd3-4a69-8ba4-7b216add4697b325.png]
[makermur.com/pages/normativa-fitosanitaria.html]
[makermur.com/cdn/shop/t/2/assets/product-recommendations7b45.js]
[makermur.com/products/maceta-vida-elementos-agua-viento-fuego-decoracion-impresa-en-3dd68c.html]
[makermur.com/products/vida-nace-agua.html]
[makermur.com/cdn/shop/files/DSC_0001_013385f5-f8f6-495f-bafa-caaeab33fefc3a95.jpg]
[makermur.com/en/products/vida-nace-agua.html]
[makermur.com/products/vida-nace-agua.oembed]
[makermur.com/cdn/shop/files/DSC_0001_013385f5-f8f6-495f-bafa-caaeab33fefc92c8.jpg]
[makermur.com/cdn/shop/files/1000004150ca71.jpg]
[makermur.com/cdn/shop/files/DSC_0001_013385f5-f8f6-495f-bafa-caaeab33fefc7bde.jpg]
[makermur.com/cdn/shop/files/10000041435f1b.jpg]
[makermur.com/cdn/shop/files/100000414433cc.jpg]
[makermur.com/cdn/shop/files/100000414633cc.jpg]
[makermur.com/cdn/shop/files/10000041485f1b.jpg]
[makermur.com/cdn/shop/files/10000041505f1b.jpg]
[makermur.com/products/vida-nace-agua42c5.html]
[makermur.com/products/vida-nace-fuego.html]
[makermur.com/cdn/shop/files/pack-fuego-colecci-n-vidabf25.png]
[makermur.com/en/products/vida-nace-fuego.html]
[makermur.com/products/vida-nace-fuego.oembed]
[makermur.com/cdn/shop/files/pack-fuego-colecci-n-vida9460.png]
[makermur.com/cdn/shop/files/pack-fuego-colecci-n-vidaaf3e.png]
[makermur.com/cdn/shop/files/20260331_011136_-_copiaf699.jpg]
[makermur.com/cdn/shop/files/20260331_011255f699.jpg]
[makermur.com/cdn/shop/files/20260331_011324cbf8.jpg]
[makermur.com/cdn/shop/files/20260331_011732cbf8.jpg]
[makermur.com/products/vida-nace-fuego3a2e.html]
[makermur.com/products/vida-nace-viento.html]
[makermur.com/cdn/shop/files/10000041521291.jpg]
[makermur.com/en/products/vida-nace-viento.html]
[makermur.com/products/vida-nace-viento.oembed]
[makermur.com/cdn/shop/files/1000004152c716.jpg]
[makermur.com/cdn/shop/files/10000041538bba.jpg]
[makermur.com/cdn/shop/files/100000415561c7.jpg]
[makermur.com/cdn/shop/files/10000041588bba.jpg]
[makermur.com/products/vida-nace-vientod67b.html]
[makermur.com/cdn/shop/files/DSC_0141a8e2.jpg]
[makermur.com/products/tarjeta-mustang-p51.oembed]
[makermur.com/cdn/shop/files/DSC_0141f12e.jpg]
[makermur.com/cdn/shop/files/2025-06-12_56a27ff7dc3bb0055.jpg]
[makermur.com/cdn/shop/files/DSC_014179e0.jpg]
[makermur.com/cdn/shop/files/DSC_014379e0.jpg]
[makermur.com/cdn/shop/files/DSC_014479e0.jpg]
[makermur.com/cdn/shop/files/DSC_014679e0.jpg]
[makermur.com/cdn/shop/files/DSC_014779e0.jpg]
[makermur.com/cdn/shop/files/2025-06-12_56a27ff7dc3bb79e0.jpg]
[makermur.com/products/tarjeta-mustang-p515b39.html]
[makermur.com/products/tarjeta-mustang-p51.html]
[makermur.com/cdn/shop/files/20260401_1340521e2f.jpg]
[makermur.com/products/llavero-corazon-bricks.oembed]
[makermur.com/cdn/shop/files/20260401_134052b87d.jpg]
[makermur.com/cdn/shop/files/20260401_134052bad7.jpg]
[makermur.com/cdn/shop/files/20260401_134112bad7.jpg]
[makermur.com/products/llavero-corazon-bricks.html]
[makermur.com/products/10514989121875.html]
[makermur.com/products/10515017957715.html]
[makermur.com/products/10515013730643.html]
[makermur.com/products/10515014615379.html]
[makermur.com/cdn/shopifycloud/storefront/assets/storefront/policy-0e156355.css]
[makermur.com/policies/GET]
[makermur.com/policies/POST]
[makermur.com/policies/refund-policy.html]
[makermur.com/policies/shipping-policy.html]
[makermur.com/policies/privacy-policy.html]
[makermur.com/policies/terms-of-service.html]
[makermur.com/policies/contact-information.html]
[makermur.com/policies/legal-notice.html]
[makermur.com/policies/index.html]
[makermur.com/products/maceta-vida-elementos-agua-viento-fuego-decoracion-impresa-en-3d.html]
[makermur.com/cdn/shop/files/DSC_00717259.jpg]
[makermur.com/products/llavero-corazon.oembed]
[makermur.com/cdn/shop/files/DSC_0071388d.jpg]
[makermur.com/products/llavero-corazon.html]
[makermur.com/cdn/shop/files/DSC_01342795.jpg]
[makermur.com/products/belen.oembed]
[makermur.com/cdn/shop/files/DSC_0134987c.jpg]
[makermur.com/cdn/shop/files/DSC_0134accd.jpg]
[makermur.com/cdn/shop/files/DSC_013686f8.jpg]
[makermur.com/cdn/shop/files/DSC_0137accd.jpg]
[makermur.com/products/belen.html]
[shop.app/checkouts/internal/preloads7635.js]
[makermur.com/en/GET]
[makermur.com/en/POST]
[makermur.com/en/window.location.href]
[makermur.com/en/index.html]
[makermur.com/en/collections/vida.atom]
[makermur.com/en/collections/vida.oembed]
[makermur.com/en/collections/GET]
[makermur.com/en/collections/POST]
[makermur.com/en/collections/vida.html]
[makermur.com/en/collections/jugueteria.atom]
[makermur.com/en/collections/jugueteria.oembed]
[makermur.com/en/products/tarjeta-minecraft-bee4394.html]
[makermur.com/en/products/dragon-flexible09c2.html]
[makermur.com/en/products/starscream-transformers-g15019.html]
[makermur.com/en/collections/jugueteria.html]
[makermur.com/en/products/tarjeta-minecraft-pig935d.html]
[makermur.com/en/collections/llaveros.atom]
[makermur.com/en/collections/llaveros.oembed]
[makermur.com/en/products/llavero-corazon-bricks19a7.html]
[makermur.com/en/products/llavero-corazon4bcd.html]
[makermur.com/en/products/llavero-camara7b2d.html]
[makermur.com/en/products/llavero-trebolda9c.html]
[makermur.com/en/collections/llaveros.html]
[makermur.com/en/products/llavero-chile7922.html]
[makermur.com/en/collections/enamorados.atom]
[makermur.com/en/collections/enamorados.oembed]
[makermur.com/en/collections/enamorados.html]
[makermur.com/en/products/elefante-san-valentina96e.html]
[makermur.com/en/collections/hecho-a-medida.atom]
[makermur.com/en/collections/hecho-a-medida.oembed]
[makermur.com/en/products/guardafango-patinete-ducati-pro-evo-1d0a1.html]
[makermur.com/en/collections/hecho-a-medida.html]
[makermur.com/en/products/adaptador-bambu-lab-ams109e6.html]
[makermur.com/en/collections/navidad-2025.atom]
[makermur.com/en/collections/navidad-2025.oembed]
[makermur.com/en/products/pesebre-con-luzcb4f.html]
[makermur.com/en/products/portalae7f.html]
[makermur.com/en/collections/navidad-2025.html]
[makermur.com/en/products/belenbeaf.html]
[makermur.com/en/pages/GET]
[makermur.com/en/pages/POST]
[makermur.com/en/pages/contacto.html]
[makermur.com/en/collections/frontpage.html]
[makermur.com/en/collections.html]
[makermur.com/en/collections/lux.html]
[makermur.com/en/collections/all.atom]
[makermur.com/en/collections/all.html]
[makermur.com/en/products/maceta-vida-elementos-agua-viento-fuego-decoracion-impresa-en-3d.oembed]
[makermur.com/en/products/GET]
[makermur.com/en/products/POST]
[makermur.com/en/products/maceta-vida-elementos-agua-viento-fuego-decoracion-impresa-en-3dd68c.html]
[makermur.com/en/products/vida-nace-agua.oembed]
[makermur.com/en/products/vida-nace-agua42c5.html]
[makermur.com/en/products/vida-nace-fuego.oembed]
[makermur.com/en/products/vida-nace-fuego3a2e.html]
[makermur.com/en/products/vida-nace-viento.oembed]
[makermur.com/en/products/vida-nace-vientod67b.html]
[makermur.com/en/products/tarjeta-mustang-p51.oembed]
[makermur.com/en/products/tarjeta-mustang-p515b39.html]
[makermur.com/en/products/tarjeta-mustang-p51.html]
[makermur.com/en/products/llavero-corazon-bricks.oembed]
[makermur.com/en/products/llavero-corazon-bricks.html]
[makermur.com/en/policies/GET]
[makermur.com/en/policies/POST]
[makermur.com/en/policies/refund-policy.html]
[makermur.com/en/policies/shipping-policy.html]
[makermur.com/en/policies/privacy-policy.html]
[makermur.com/en/policies/terms-of-service.html]
[makermur.com/en/policies/contact-information.html]
[makermur.com/en/policies/legal-notice.html]
[makermur.com/en/policies/index.html]
[makermur.com/en/products/maceta-vida-elementos-agua-viento-fuego-decoracion-impresa-en-3d.html]
[makermur.com/en/products/llavero-corazon.oembed]
[makermur.com/en/products/llavero-corazon.html]
[makermur.com/en/products/belen.oembed]
[makermur.com/en/products/belen.html]
[makermur.com/collections/GET.html]
[makermur.com/collections/POST.html]
[makermur.com/collections/window.location.href]
[makermur.com/products/tarjeta-minecraft-bee.html]
[makermur.com/cdn/shop/files/20260403_195832d911.jpg]
[makermur.com/en/products/tarjeta-minecraft-bee.html]
[makermur.com/products/tarjeta-minecraft-bee.oembed]
[makermur.com/cdn/shop/files/20260403_195832daeb.jpg]
[makermur.com/cdn/shop/files/20260403_200109ed3f.jpg]
[makermur.com/cdn/shop/files/20260403_1958322168.jpg]
[makermur.com/cdn/shop/files/20260403_200201ed1c.jpg]
[makermur.com/cdn/shop/files/20260403_1955282893.jpg]
[makermur.com/cdn/shop/files/20260403_19554775dc.jpg]
[makermur.com/cdn/shop/files/20260403_1958522f4f.jpg]
[makermur.com/cdn/shop/files/20260403_2001092893.jpg]
[cdn.shopify.com/s/files/1/1057/8965/3331/files/20260403_195832d911.jpg]
[makermur.com/products/tarjeta-minecraft-bee4394.html]
[makermur.com/products/dragon-flexible.html]
[makermur.com/cdn/shop/files/DSC_0082b869.jpg]
[makermur.com/en/products/dragon-flexible.html]
[makermur.com/products/dragon-flexible.oembed]
[makermur.com/cdn/shop/files/DSC_00826556.jpg]
[makermur.com/products/dragon-flexible09c2.html]
[makermur.com/products/starscream-transformers-g1.html]
[makermur.com/cdn/shop/files/DSC_01494e73.jpg]
[makermur.com/en/products/starscream-transformers-g1.html]
[makermur.com/products/starscream-transformers-g1.oembed]
[makermur.com/cdn/shop/files/DSC_01490a49.jpg]
[makermur.com/cdn/shop/files/DSC_01498e36.jpg]
[makermur.com/cdn/shop/files/DSC_01603bc7.jpg]
[makermur.com/cdn/shop/files/DSC_015212ed.jpg]
[makermur.com/cdn/shop/files/DSC_0126b3af.jpg]
[makermur.com/cdn/shop/files/DSC_0128b3af.jpg]
[makermur.com/products/starscream-transformers-g15019.html]
[makermur.com/products/tarjeta-minecraft-pig.html]
[makermur.com/cdn/shop/files/20260325_094100e511.jpg]
[makermur.com/en/products/tarjeta-minecraft-pig.html]
[makermur.com/products/tarjeta-minecraft-pig.oembed]
[makermur.com/cdn/shop/files/20260325_094100b993.jpg]
[makermur.com/cdn/shop/files/20260325_0941007cb0.jpg]
[makermur.com/cdn/shop/files/20260325_095858cc96.jpg]
[makermur.com/products/tarjeta-minecraft-pig935d.html]
[makermur.com/products/llavero-corazon-bricks19a7.html]
[makermur.com/products/llavero-corazon4bcd.html]
[makermur.com/products/llavero-camara.html]
[makermur.com/cdn/shop/files/DSC_0058-copia3acc.jpg]
[makermur.com/en/products/llavero-camara.html]
[makermur.com/products/llavero-camara.oembed]
[makermur.com/cdn/shop/files/DSC_0058-copiaad19.jpg]
[makermur.com/cdn/shop/files/DSC_0058-copiae6cd.jpg]
[makermur.com/cdn/shop/files/DSC_0061-copiae6cd.jpg]
[makermur.com/products/llavero-camara7b2d.html]
[makermur.com/products/llavero-trebol.html]
[makermur.com/cdn/shop/files/DSC_0169e009.jpg]
[makermur.com/en/products/llavero-trebol.html]
[makermur.com/products/llavero-trebol.oembed]
[makermur.com/cdn/shop/files/DSC_01692e83.jpg]
[makermur.com/products/llavero-trebolda9c.html]
[makermur.com/products/llavero-chile.html]
[makermur.com/cdn/shop/files/DSC_01675e5c.jpg]
[makermur.com/en/products/llavero-chile.html]
[makermur.com/products/llavero-chile.oembed]
[makermur.com/cdn/shop/files/DSC_0167f684.jpg]
[makermur.com/products/llavero-chile7922.html]
[makermur.com/products/elefante-san-valentin.html]
[makermur.com/cdn/shop/files/DSC_0068ab3f.jpg]
[makermur.com/en/products/elefante-san-valentin.html]
[makermur.com/products/elefante-san-valentin.oembed]
[makermur.com/cdn/shop/files/DSC_0068cfce.jpg]
[makermur.com/products/elefante-san-valentina96e.html]
[makermur.com/products/guardafango-patinete-ducati-pro-evo-1.html]
[makermur.com/cdn/shop/files/DSC_0054979e.jpg]
[makermur.com/en/products/guardafango-patinete-ducati-pro-evo-1.html]
[makermur.com/products/guardafango-patinete-ducati-pro-evo-1.oembed]
[makermur.com/cdn/shop/files/DSC_00549183.jpg]
[makermur.com/products/guardafango-patinete-ducati-pro-evo-1d0a1.html]
[makermur.com/products/adaptador-bambu-lab-ams1.html]
[makermur.com/cdn/shop/files/DSC_01137fb3.jpg]
[makermur.com/en/products/adaptador-bambu-lab-ams1.html]
[makermur.com/products/adaptador-bambu-lab-ams1.oembed]
[makermur.com/cdn/shop/files/DSC_0113a8a7.jpg]
[makermur.com/cdn/shop/files/DSC_01137f24.jpg]
[makermur.com/cdn/shop/files/DSC_01157f24.jpg]
[makermur.com/products/adaptador-bambu-lab-ams109e6.html]
[makermur.com/products/pesebre-con-luz.html]
[makermur.com/cdn/shop/files/DSC_0104901d.jpg]
[makermur.com/en/products/pesebre-con-luz.html]
[makermur.com/products/pesebre-con-luz.oembed]
[makermur.com/cdn/shop/files/DSC_010419b5.jpg]
[makermur.com/cdn/shop/files/DSC_0111ae0b.jpg]
[makermur.com/cdn/shop/files/DSC_01045728.jpg]
[makermur.com/cdn/shop/files/DSC_01055728.jpg]
[makermur.com/cdn/shop/files/DSC_01075728.jpg]
[makermur.com/cdn/shop/files/DSC_01095728.jpg]
[makermur.com/cdn/shop/files/DSC_0110_e0252f64-09de-4410-8de7-740a973c5f045728.jpg]
[makermur.com/cdn/shop/files/DSC_01115728.jpg]
[makermur.com/products/pesebre-con-luzcb4f.html]
[makermur.com/products/portal.html]
[makermur.com/cdn/shop/files/DSC_01302391.jpg]
[makermur.com/en/products/portal.html]
[makermur.com/products/portal.oembed]
[makermur.com/cdn/shop/files/DSC_0130b6b9.jpg]
[makermur.com/products/portalae7f.html]
[makermur.com/products/belenbeaf.html]
[makermur.com/pages/GET.html]
[makermur.com/pages/POST.html]
[makermur.com/pages/window.location.href]
[makermur.com/en/pages/sobre-nosotros.html]
[makermur.com/collections/lux.atom]
[makermur.com/collections/lux.oembed]
[makermur.com/collections/lux.html]
[makermur.com/cdn/shop/collections/logo-maker-mur-ficha-de-cantoc3b9.png]
[makermur.com/collections/frontpage.atom]
[makermur.com/collections/frontpage.oembed]
[makermur.com/collections/frontpage.html]
[makermur.com/products/GET.html]
[makermur.com/products/POST.html]
[makermur.com/products/window.location.href]
[makermur.com/en/pages/normativa-fitosanitaria.html]
[makermur.com/pages/normativa-fitosanitaria.html]
[makermur.com/products/review_widget.js]
[makermur.com/products/review-widget/main.js]
[makermur.com/products/vida-nace-agua.html]
[makermur.com/en/products/vida-nace-agua.html]
[makermur.com/products/vida-nace-fuego.html]
[makermur.com/en/products/vida-nace-fuego.html]
[makermur.com/products/vida-nace-viento.html]
[makermur.com/en/products/vida-nace-viento.html]
[makermur.com/cdn/shopifycloud/storefront/assets/storefront/policy-0e156355.css]
[makermur.com/policies/GET.html]
[makermur.com/policies/POST.html]
[makermur.com/policies/window.location.href]
[makermur.com/en/GET.html]
[makermur.com/en/POST.html]
[makermur.com/en/window.location.html]
[makermur.com/en/collections/GET.html]
[makermur.com/en/collections/POST.html]
[makermur.com/en/collections/window.location.href]
[makermur.com/en/products/tarjeta-minecraft-bee.oembed]
[makermur.com/en/products/tarjeta-minecraft-bee4394.html]
[makermur.com/en/products/dragon-flexible.oembed]
[makermur.com/en/products/dragon-flexible09c2.html]
[makermur.com/en/products/starscream-transformers-g1.oembed]
[makermur.com/en/products/starscream-transformers-g15019.html]
[makermur.com/en/products/tarjeta-minecraft-pig.oembed]
[makermur.com/en/products/tarjeta-minecraft-pig935d.html]
[makermur.com/en/products/llavero-corazon-bricks19a7.html]
[makermur.com/en/products/llavero-corazon4bcd.html]
[makermur.com/en/products/llavero-camara.oembed]
[makermur.com/en/products/llavero-camara7b2d.html]
[makermur.com/en/products/llavero-trebol.oembed]
[makermur.com/en/products/llavero-trebolda9c.html]
[makermur.com/en/products/llavero-chile.oembed]
[makermur.com/en/products/llavero-chile7922.html]
[makermur.com/en/products/elefante-san-valentin.oembed]
[makermur.com/en/products/elefante-san-valentina96e.html]
[makermur.com/en/products/guardafango-patinete-ducati-pro-evo-1.oembed]
[makermur.com/en/products/guardafango-patinete-ducati-pro-evo-1d0a1.html]
[makermur.com/en/products/adaptador-bambu-lab-ams1.oembed]
[makermur.com/en/products/adaptador-bambu-lab-ams109e6.html]
[makermur.com/en/products/pesebre-con-luz.oembed]
[makermur.com/en/products/pesebre-con-luzcb4f.html]
[makermur.com/en/products/portal.oembed]
[makermur.com/en/products/portalae7f.html]
[makermur.com/en/products/belenbeaf.html]
[makermur.com/en/pages/GET.html]
[makermur.com/en/pages/POST.html]
[makermur.com/en/pages/window.location.href]
[makermur.com/en/collections/frontpage.atom]
[makermur.com/en/collections/frontpage.oembed]
[makermur.com/en/collections/frontpage.html]
[makermur.com/en/collections/lux.atom]
[makermur.com/en/collections/lux.oembed]
[makermur.com/en/collections/lux.html]
[makermur.com/en/products/GET.html]
[makermur.com/en/products/POST.html]
[makermur.com/en/products/window.location.href]
[makermur.com/en/products/review_widget.js]
[makermur.com/en/products/review-widget/main.js]
[makermur.com/en/policies/GET.html]
[makermur.com/en/policies/POST.html]
[makermur.com/en/policies/window.location.href]
[makermur.com/products/tarjeta-minecraft-bee.html]
[makermur.com/en/products/tarjeta-minecraft-bee.html]
[makermur.com/products/dragon-flexible.html]
[makermur.com/en/products/dragon-flexible.html]
[makermur.com/products/starscream-transformers-g1.html]
[makermur.com/en/products/starscream-transformers-g1.html]
[makermur.com/products/tarjeta-minecraft-pig.html]
[makermur.com/en/products/tarjeta-minecraft-pig.html]
[makermur.com/products/llavero-camara.html]
[makermur.com/en/products/llavero-camara.html]
[makermur.com/products/llavero-trebol.html]
[makermur.com/en/products/llavero-trebol.html]
[makermur.com/products/llavero-chile.html]
[makermur.com/en/products/llavero-chile.html]
[makermur.com/products/elefante-san-valentin.html]
[makermur.com/en/products/elefante-san-valentin.html]
[makermur.com/products/guardafango-patinete-ducati-pro-evo-1.html]
[makermur.com/en/products/guardafango-patinete-ducati-pro-evo-1.html]
[makermur.com/products/adaptador-bambu-lab-ams1.html]
[makermur.com/en/products/adaptador-bambu-lab-ams1.html]
[makermur.com/products/pesebre-con-luz.html]
[makermur.com/en/products/pesebre-con-luz.html]
[makermur.com/products/portal.html]
[makermur.com/en/products/portal.html]
[makermur.com/en/pages/normativa-fitosanitaria.html]
